[    0.000000] Linux version 4.15.0-175-generic (buildd@lcy02-amd64-034) (gcc version 7.5.0 (Ubuntu 7.5.0-3ubuntu1~18.04)) #184-Ubuntu SMP Thu Mar 24 17:48:36 UTC 2022 (Ubuntu 4.15.0-175.184-generic 4.15.18)
[    0.000000] Command line: BOOT_IMAGE=/boot/vmlinuz-4.15.0-175-generic root=LABEL=cloudimg-rootfs ro console=tty1 console=ttyS0
[    0.000000] KERNEL supported cpus:
[    0.000000]   Intel GenuineIntel
[    0.000000]   AMD AuthenticAMD
[    0.000000]   Centaur CentaurHauls
[    0.000000] x86/fpu: Supporting XSAVE feature 0x001: 'x87 floating point registers'
[    0.000000] x86/fpu: Supporting XSAVE feature 0x002: 'SSE registers'
[    0.000000] x86/fpu: Supporting XSAVE feature 0x004: 'AVX registers'
[    0.000000] x86/fpu: xstate_offset[2]:  576, xstate_sizes[2]:  256
[    0.000000] x86/fpu: Enabled xstate features 0x7, context size is 832 bytes, using 'standard' format.
[    0.000000] e820: BIOS-provided physical RAM map:
[    0.000000] BIOS-e820: [mem 0x0000000000000000-0x000000000009fbff] usable
[    0.000000] BIOS-e820: [mem 0x000000000009fc00-0x000000000009ffff] reserved
[    0.000000] BIOS-e820: [mem 0x00000000000f0000-0x00000000000fffff] reserved
[    0.000000] BIOS-e820: [mem 0x0000000000100000-0x000000007ffeffff] usable
[    0.000000] BIOS-e820: [mem 0x000000007fff0000-0x000000007fffffff] ACPI data
[    0.000000] BIOS-e820: [mem 0x00000000fec00000-0x00000000fec00fff] reserved
[    0.000000] BIOS-e820: [mem 0x00000000fee00000-0x00000000fee00fff] reserved
[    0.000000] BIOS-e820: [mem 0x00000000fffc0000-0x00000000ffffffff] reserved
[    0.000000] NX (Execute Disable) protection: active
[    0.000000] SMBIOS 2.5 present.
[    0.000000] DMI: innotek GmbH VirtualBox/VirtualBox, BIOS VirtualBox 12/01/2006
[    0.000000] Hypervisor detected: KVM
[    0.000000] e820: last_pfn = 0x7fff0 max_arch_pfn = 0x400000000
[    0.000000] MTRR: Disabled
[    0.000000] x86/PAT: MTRRs disabled, skipping PAT initialization too.
[    0.000000] CPU MTRRs all blank - virtualized system.
[    0.000000] x86/PAT: Configuration [0-7]: WB  WT  UC- UC  WB  WT  UC- UC  
[    0.000000] found SMP MP-table at [mem 0x0009fff0-0x0009ffff]
[    0.000000] Scanning 1 areas for low memory corruption
[    0.000000] RAMDISK: [mem 0x359cb000-0x36cdcfff]
[    0.000000] ACPI: Early table checksum verification disabled
[    0.000000] ACPI: RSDP 0x00000000000E0000 000024 (v02 VBOX  )
[    0.000000] ACPI: XSDT 0x000000007FFF0030 00003C (v01 VBOX   VBOXXSDT 00000001 ASL  00000061)
[    0.000000] ACPI: FACP 0x000000007FFF00F0 0000F4 (v04 VBOX   VBOXFACP 00000001 ASL  00000061)
[    0.000000] ACPI: DSDT 0x000000007FFF0470 002325 (v02 VBOX   VBOXBIOS 00000002 INTL 20120111)
[    0.000000] ACPI: FACS 0x000000007FFF0200 000040
[    0.000000] ACPI: FACS 0x000000007FFF0200 000040
[    0.000000] ACPI: APIC 0x000000007FFF0240 00005C (v02 VBOX   VBOXAPIC 00000001 ASL  00000061)
[    0.000000] ACPI: SSDT 0x000000007FFF02A0 0001CC (v01 VBOX   VBOXCPUT 00000002 INTL 20120111)
[    0.000000] ACPI: Reserving FACP table memory at [mem 0x7fff00f0-0x7fff01e3]
[    0.000000] ACPI: Reserving DSDT table memory at [mem 0x7fff0470-0x7fff2794]
[    0.000000] ACPI: Reserving FACS table memory at [mem 0x7fff0200-0x7fff023f]
[    0.000000] ACPI: Reserving FACS table memory at [mem 0x7fff0200-0x7fff023f]
[    0.000000] ACPI: Reserving APIC table memory at [mem 0x7fff0240-0x7fff029b]
[    0.000000] ACPI: Reserving SSDT table memory at [mem 0x7fff02a0-0x7fff046b]
[    0.000000] No NUMA configuration found
[    0.000000] Faking a node at [mem 0x0000000000000000-0x000000007ffeffff]
[    0.000000] NODE_DATA(0) allocated [mem 0x7ffc5000-0x7ffeffff]
[    0.000000] kvm-clock: cpu 0, msr 0:7ff44001, primary cpu clock
[    0.000000] kvm-clock: Using msrs 4b564d01 and 4b564d00
[    0.000000] kvm-clock: using sched offset of 3650137125 cycles
[    0.000000] clocksource: kvm-clock: mask: 0xffffffffffffffff max_cycles: 0x1cd42e4dffb, max_idle_ns: 881590591483 ns
[    0.000000] Zone ranges:
[    0.000000]   DMA      [mem 0x0000000000001000-0x0000000000ffffff]
[    0.000000]   DMA32    [mem 0x0000000001000000-0x000000007ffeffff]
[    0.000000]   Normal   empty
[    0.000000]   Device   empty
[    0.000000] Movable zone start for each node
[    0.000000] Early memory node ranges
[    0.000000]   node   0: [mem 0x0000000000001000-0x000000000009efff]
[    0.000000]   node   0: [mem 0x0000000000100000-0x000000007ffeffff]
[    0.000000] Reserved but unavailable: 104 pages
[    0.000000] Initmem setup node 0 [mem 0x0000000000001000-0x000000007ffeffff]
[    0.000000] ACPI: PM-Timer IO Port: 0x4008
[    0.000000] IOAPIC[0]: apic_id 2, version 32, address 0xfec00000, GSI 0-23
[    0.000000] ACPI: INT_SRC_OVR (bus 0 bus_irq 0 global_irq 2 dfl dfl)
[    0.000000] ACPI: INT_SRC_OVR (bus 0 bus_irq 9 global_irq 9 low level)
[    0.000000] Using ACPI (MADT) for SMP configuration information
[    0.000000] smpboot: Allowing 2 CPUs, 0 hotplug CPUs
[    0.000000] PM: Registered nosave memory: [mem 0x00000000-0x00000fff]
[    0.000000] PM: Registered nosave memory: [mem 0x0009f000-0x0009ffff]
[    0.000000] PM: Registered nosave memory: [mem 0x000a0000-0x000effff]
[    0.000000] PM: Registered nosave memory: [mem 0x000f0000-0x000fffff]
[    0.000000] e820: [mem 0x80000000-0xfebfffff] available for PCI devices
[    0.000000] Booting paravirtualized kernel on KVM
[    0.000000] clocksource: refined-jiffies: mask: 0xffffffff max_cycles: 0xffffffff, max_idle_ns: 7645519600211568 ns
[    0.000000] random: get_random_bytes called from start_kernel+0x99/0x500 with crng_init=0
[    0.000000] setup_percpu: NR_CPUS:8192 nr_cpumask_bits:2 nr_cpu_ids:2 nr_node_ids:1
[    0.000000] percpu: Embedded 50 pages/cpu s167936 r8192 d28672 u1048576
[    0.000000] PV qspinlock hash table entries: 256 (order: 0, 4096 bytes)
[    0.000000] Built 1 zonelists, mobility grouping on.  Total pages: 515961
[    0.000000] Policy zone: DMA32
[    0.000000] Kernel command line: BOOT_IMAGE=/boot/vmlinuz-4.15.0-175-generic root=LABEL=cloudimg-rootfs ro console=tty1 console=ttyS0
[    0.000000] Memory: 2014840K/2096696K available (12300K kernel code, 2484K rwdata, 4324K rodata, 2468K init, 2724K bss, 81856K reserved, 0K cma-reserved)
[    0.000000] SLUB: HWalign=64, Order=0-3, MinObjects=0, CPUs=2, Nodes=1
[    0.000000] Kernel/User page tables isolation: enabled
[    0.000000] ftrace: allocating 39503 entries in 155 pages
[    0.004000] Hierarchical RCU implementation.
[    0.004000] 	RCU restricting CPUs from NR_CPUS=8192 to nr_cpu_ids=2.
[    0.004000] 	Tasks RCU enabled.
[    0.004000] RCU: Adjusting geometry for rcu_fanout_leaf=16, nr_cpu_ids=2
[    0.004000] NR_IRQS: 524544, nr_irqs: 440, preallocated irqs: 16
[    0.004000] Console: colour VGA+ 80x25
[    0.004000] console [tty1] enabled
[    0.004000] console [ttyS0] enabled
[    0.004000] ACPI: Core revision 20170831
[    0.004000] ACPI: 2 ACPI AML tables successfully acquired and loaded
[    0.004000] APIC: Switch to symmetric I/O mode setup
[    0.004000] x2apic enabled
[    0.004000] Switched APIC routing to physical x2apic.
[    0.004000] ..TIMER: vector=0x30 apic1=0 pin1=2 apic2=-1 pin2=-1
[    0.004004] tsc: Detected 2904.000 MHz processor
[    0.004876] Calibrating delay loop (skipped) preset value.. 5808.00 BogoMIPS (lpj=11616000)
[    0.005811] pid_max: default: 32768 minimum: 301
[    0.008028] Security Framework initialized
[    0.008785] Yama: becoming mindful.
[    0.009622] AppArmor: AppArmor initialized
[    0.012083] Dentry cache hash table entries: 262144 (order: 9, 2097152 bytes)
[    0.014160] Inode-cache hash table entries: 131072 (order: 8, 1048576 bytes)
[    0.015684] Mount-cache hash table entries: 4096 (order: 3, 32768 bytes)
[    0.016005] Mountpoint-cache hash table entries: 4096 (order: 3, 32768 bytes)
[    0.017407] Last level iTLB entries: 4KB 64, 2MB 8, 4MB 8
[    0.018588] Last level dTLB entries: 4KB 64, 2MB 0, 4MB 0, 1GB 4
[    0.020003] Spectre V1 : Mitigation: usercopy/swapgs barriers and __user pointer sanitization
[    0.021696] Spectre V2 : Mitigation: Retpolines
[    0.022645] Spectre V2 : Spectre v2 / SpectreRSB mitigation: Filling RSB on context switch
[    0.024002] Speculative Store Bypass: Vulnerable
[    0.025262] SRBDS: Unknown: Dependent on hypervisor status
[    0.026433] MDS: Mitigation: Clear CPU buffers
[    0.028149] Freeing SMP alternatives memory: 36K
[    0.138728] smpboot: CPU0: Intel(R) Core(TM) i7-7820HQ CPU @ 2.90GHz (family: 0x6, model: 0x9e, stepping: 0x9)
[    0.140000] Performance Events: unsupported p6 CPU model 158 no PMU driver, software events only.
[    0.140000] Hierarchical SRCU implementation.
[    0.140382] NMI watchdog: Perf event create on CPU 0 failed with -2
[    0.142193] NMI watchdog: Perf NMI watchdog permanently disabled
[    0.143359] smp: Bringing up secondary CPUs ...
[    0.144064] x86: Booting SMP configuration:
[    0.144770] .... node  #0, CPUs:      #1
[    0.004000] kvm-clock: cpu 1, msr 0:7ff44041, secondary cpu clock
[    0.148015] smp: Brought up 1 node, 2 CPUs
[    0.148769] smpboot: Max logical packages: 1
[    0.149486] smpboot: Total of 2 processors activated (11616.00 BogoMIPS)
[    0.150748] devtmpfs: initialized
[    0.152046] x86/mm: Memory block size: 128MB
[    0.153020] evm: security.selinux
[    0.153678] evm: security.SMACK64
[    0.154429] evm: security.SMACK64EXEC
[    0.155562] evm: security.SMACK64TRANSMUTE
[    0.156003] evm: security.SMACK64MMAP
[    0.156655] evm: security.apparmor
[    0.157266] evm: security.ima
[    0.157809] evm: security.capability
[    0.158473] clocksource: jiffies: mask: 0xffffffff max_cycles: 0xffffffff, max_idle_ns: 7645041785100000 ns
[    0.160007] futex hash table entries: 512 (order: 3, 32768 bytes)
[    0.161202] pinctrl core: initialized pinctrl subsystem
[    0.162164] RTC time: 21:46:59, date: 04/17/22
[    0.164157] NET: Registered protocol family 16
[    0.164997] audit: initializing netlink subsys (disabled)
[    0.165924] audit: type=2000 audit(1650232025.011:1): state=initialized audit_enabled=0 res=1
[    0.168008] cpuidle: using governor ladder
[    0.168724] cpuidle: using governor menu
[    0.169604] ACPI: bus type PCI registered
[    0.170970] acpiphp: ACPI Hot Plug PCI Controller Driver version: 0.5
[    0.172019] PCI: Using configuration type 1 for base access
[    0.176048] HugeTLB registered 2.00 MiB page size, pre-allocated 0 pages
[    0.177266] ACPI: Added _OSI(Module Device)
[    0.177266] ACPI: Added _OSI(Processor Device)
[    0.177584] ACPI: Added _OSI(3.0 _SCP Extensions)
[    0.178394] ACPI: Added _OSI(Processor Aggregator Device)
[    0.180018] ACPI: Added _OSI(Linux-Dell-Video)
[    0.180829] ACPI: Added _OSI(Linux-Lenovo-NV-HDMI-Audio)
[    0.181890] ACPI: Added _OSI(Linux-HPI-Hybrid-Graphics)
[    0.183151] ACPI: Executed 1 blocks of module-level executable AML code
[    0.186605] ACPI: Interpreter enabled
[    0.188023] ACPI: (supports S0 S5)
[    0.188986] ACPI: Using IOAPIC for interrupt routing
[    0.190287] PCI: Using host bridge windows from ACPI; if necessary, use "pci=nocrs" and report a bug
[    0.192184] ACPI: Enabled 2 GPEs in block 00 to 07
[    0.200833] ACPI: PCI Root Bridge [PCI0] (domain 0000 [bus 00-ff])
[    0.202408] acpi PNP0A03:00: _OSC: OS supports [ASPM ClockPM Segments MSI]
[    0.204000] acpi PNP0A03:00: _OSC: not requesting OS control; OS requires [ExtendedConfig ASPM ClockPM MSI]
[    0.204010] acpi PNP0A03:00: fail to add MMCONFIG information, can't access extended PCI configuration space under this bridge.
[    0.206323] PCI host bridge to bus 0000:00
[    0.208003] pci_bus 0000:00: root bus resource [io  0x0000-0x0cf7 window]
[    0.209253] pci_bus 0000:00: root bus resource [io  0x0d00-0xffff window]
[    0.210632] pci_bus 0000:00: root bus resource [mem 0x000a0000-0x000bffff window]
[    0.212013] pci_bus 0000:00: root bus resource [mem 0x80000000-0xfdffffff window]
[    0.216006] pci_bus 0000:00: root bus resource [bus 00-ff]
[    0.223209] pci 0000:00:01.1: legacy IDE quirk: reg 0x10: [io  0x01f0-0x01f7]
[    0.224011] pci 0000:00:01.1: legacy IDE quirk: reg 0x14: [io  0x03f6]
[    0.228012] pci 0000:00:01.1: legacy IDE quirk: reg 0x18: [io  0x0170-0x0177]
[    0.232014] pci 0000:00:01.1: legacy IDE quirk: reg 0x1c: [io  0x0376]
[    0.297886] pci 0000:00:07.0: quirk: [io  0x4000-0x403f] claimed by PIIX4 ACPI
[    0.300095] pci 0000:00:07.0: quirk: [io  0x4100-0x410f] claimed by PIIX4 SMB
[    0.317398] ACPI: PCI Interrupt Link [LNKA] (IRQs 5 9 10 *11)
[    0.319647] ACPI: PCI Interrupt Link [LNKB] (IRQs 5 9 *10 11)
[    0.320559] ACPI: PCI Interrupt Link [LNKC] (IRQs 5 *9 10 11)
[    0.324212] ACPI: PCI Interrupt Link [LNKD] (IRQs 5 9 10 *11)
[    0.328428] SCSI subsystem initialized
[    0.330927] pci 0000:00:02.0: vgaarb: setting as boot VGA device
[    0.330927] pci 0000:00:02.0: vgaarb: VGA device added: decodes=io+mem,owns=io+mem,locks=none
[    0.332018] pci 0000:00:02.0: vgaarb: bridge control possible
[    0.334984] vgaarb: loaded
[    0.336078] ACPI: bus type USB registered
[    0.337122] usbcore: registered new interface driver usbfs
[    0.338494] usbcore: registered new interface driver hub
[    0.340041] usbcore: registered new device driver usb
[    0.341527] EDAC MC: Ver: 3.0.0
[    0.341527] PCI: Using ACPI for IRQ routing
[    0.344441] NetLabel: Initializing
[    0.345419] NetLabel:  domain hash size = 128
[    0.346418] NetLabel:  protocols = UNLABELED CIPSOv4 CALIPSO
[    0.348032] NetLabel:  unlabeled traffic allowed by default
[    0.349553] clocksource: Switched to clocksource kvm-clock
[    0.361653] VFS: Disk quotas dquot_6.6.0
[    0.362669] VFS: Dquot-cache hash table entries: 512 (order 0, 4096 bytes)
[    0.364411] AppArmor: AppArmor Filesystem Enabled
[    0.365392] pnp: PnP ACPI init
[    0.367420] pnp: PnP ACPI: found 3 devices
[    0.382597] clocksource: acpi_pm: mask: 0xffffff max_cycles: 0xffffff, max_idle_ns: 2085701024 ns
[    0.385863] NET: Registered protocol family 2
[    0.386853] IP idents hash table entries: 32768 (order: 6, 262144 bytes)
[    0.388527] TCP established hash table entries: 16384 (order: 5, 131072 bytes)
[    0.390049] TCP bind hash table entries: 16384 (order: 6, 262144 bytes)
[    0.392300] TCP: Hash tables configured (established 16384 bind 16384)
[    0.394139] UDP hash table entries: 1024 (order: 3, 32768 bytes)
[    0.395328] UDP-Lite hash table entries: 1024 (order: 3, 32768 bytes)
[    0.397768] NET: Registered protocol family 1
[    0.399347] pci 0000:00:00.0: Limiting direct PCI/PCI transfers
[    0.400982] pci 0000:00:01.0: Activating ISA DMA hang workarounds
[    0.402368] pci 0000:00:02.0: Video device with shadowed ROM at [mem 0x000c0000-0x000dffff]
[    0.404149] Unpacking initramfs...
[    0.684193] Freeing initrd memory: 19528K
[    0.685221] clocksource: tsc: mask: 0xffffffffffffffff max_cycles: 0x29dc05e54fc, max_idle_ns: 440795291716 ns
[    0.687224] platform rtc_cmos: registered platform RTC device (no PNP device found)
[    0.688893] Scanning for low memory corruption every 60 seconds
[    0.690680] Initialise system trusted keyrings
[    0.691482] Key type blacklist registered
[    0.692255] workingset: timestamp_bits=36 max_order=19 bucket_order=0
[    0.695011] zbud: loaded
[    0.696239] squashfs: version 4.0 (2009/01/31) Phillip Lougher
[    0.698644] fuse init (API version 7.26)
[    0.702199] Key type asymmetric registered
[    0.703165] Asymmetric key parser 'x509' registered
[    0.704032] Block layer SCSI generic (bsg) driver version 0.4 loaded (major 246)
[    0.705848] io scheduler noop registered
[    0.706537] io scheduler deadline registered
[    0.707291] io scheduler cfq registered (default)
[    0.708630] ACPI: AC Adapter [AC] (on-line)
[    0.709819] input: Power Button as /devices/LNXSYSTM:00/LNXPWRBN:00/input/input0
[    0.711221] ACPI: Power Button [PWRF]
[    0.711958] input: Sleep Button as /devices/LNXSYSTM:00/LNXSLPBN:00/input/input1
[    0.713339] ACPI: Sleep Button [SLPF]
[    0.715326] ACPI: Battery Slot [BAT0] (battery present)
[    0.716340] Serial: 8250/16550 driver, 32 ports, IRQ sharing enabled
[    0.738505] 00:02: ttyS0 at I/O 0x3f8 (irq = 4, base_baud = 115200) is a 16550A
[    0.741130] Linux agpgart interface v0.103
[    0.742900] loop: module loaded
[    0.744119] scsi host0: ata_piix
[    0.745043] scsi host1: ata_piix
[    0.745790] ata1: PATA max UDMA/33 cmd 0x1f0 ctl 0x3f6 bmdma 0xd000 irq 14
[    0.747255] ata2: PATA max UDMA/33 cmd 0x170 ctl 0x376 bmdma 0xd008 irq 15
[    0.748811] tun: Universal TUN/TAP device driver, 1.6
[    0.750021] PPP generic driver version 2.4.2
[    0.751112] ehci_hcd: USB 2.0 'Enhanced' Host Controller (EHCI) Driver
[    0.752482] ehci-pci: EHCI PCI platform driver
[    0.753502] ehci-platform: EHCI generic platform driver
[    0.754593] ohci_hcd: USB 1.1 'Open' Host Controller (OHCI) Driver
[    0.755877] ohci-pci: OHCI PCI platform driver
[    0.756864] ohci-platform: OHCI generic platform driver
[    0.758032] uhci_hcd: USB Universal Host Controller Interface driver
[    0.759312] i8042: PNP: PS/2 Controller [PNP0303:PS2K,PNP0f03:PS2M] at 0x60,0x64 irq 1,12
[    0.761388] serio: i8042 KBD port at 0x60,0x64 irq 1
[    0.762534] serio: i8042 AUX port at 0x60,0x64 irq 12
[    0.763646] mousedev: PS/2 mouse device common for all mice
[    0.765190] input: AT Translated Set 2 keyboard as /devices/platform/i8042/serio0/input/input2
[    0.767468] rtc_cmos rtc_cmos: rtc core: registered rtc_cmos as rtc0
[    0.768788] rtc_cmos rtc_cmos: alarms up to one day, 114 bytes nvram
[    0.770428] i2c /dev entries driver
[    0.771192] device-mapper: uevent: version 1.0.3
[    0.772294] device-mapper: ioctl: 4.37.0-ioctl (2017-09-20) initialised: dm-devel@redhat.com
[    0.774113] ledtrig-cpu: registered to indicate activity on CPUs
[    0.775727] NET: Registered protocol family 10
[    0.780529] Segment Routing with IPv6
[    0.781478] NET: Registered protocol family 17
[    0.782509] Key type dns_resolver registered
[    0.783628] mce: Using 0 MCE banks
[    0.784527] RAS: Correctable Errors collector initialized.
[    0.785769] sched_clock: Marking stable (784509623, 0)->(962121078, -177611455)
[    0.787994] registered taskstats version 1
[    0.789024] Loading compiled-in X.509 certificates
[    0.792252] Loaded X.509 cert 'Build time autogenerated kernel key: ea99b1e66d5186ff77dcfb46de385e3fbd0a569c'
[    0.794749] Loaded X.509 cert 'Canonical Ltd. Live Patch Signing: 14df34d1a87cf37625abec039ef2bf521249b969'
[    0.797282] Loaded X.509 cert 'Canonical Ltd. Kernel Module Signing: 88f752e560a1e0737e31163a466ad7b70a850c19'
[    0.799266] blacklist: Loading compiled-in revocation X.509 certificates
[    0.800600] Loaded X.509 cert 'Canonical Ltd. Secure Boot Signing: 61482aa2830d0ab2ad5af10b7250da9033ddcef0'
[    0.802446] zswap: loaded using pool lzo/zbud
[    0.806641] Key type big_key registered
[    0.807414] Key type trusted registered
[    0.809655] Key type encrypted registered
[    0.810528] AppArmor: AppArmor sha1 policy hashing enabled
[    0.811500] ima: No TPM chip found, activating TPM-bypass! (rc=-19)
[    0.812665] ima: Allocated hash algorithm: sha1
[    0.813503] evm: HMAC attrs: 0x1
[    0.814334]   Magic number: 2:729:803
[    0.815271] rtc_cmos rtc_cmos: setting system clock to 2022-04-17 21:47:00 UTC (1650232020)
[    0.817073] BIOS EDD facility v0.16 2004-Jun-25, 0 devices found
[    0.818262] EDD information not available.
[    1.136006] Freeing unused kernel image memory: 2468K
[    1.148201] Write protecting the kernel read-only data: 20480k
[    1.151643] Freeing unused kernel image memory: 2008K
[    1.153081] Freeing unused kernel image memory: 1820K
[    1.160374] x86/mm: Checked W+X mappings: passed, no W+X pages found.
[    1.161499] x86/mm: Checking user space page tables
[    1.168190] x86/mm: Checked W+X mappings: passed, no W+X pages found.
Loading, please wait...
starting version 237
[    1.226611] e1000: Intel(R) PRO/1000 Network Driver - version 7.3.21-k8-NAPI
[    1.228116] e1000: Copyright (c) 1999-2006 Intel Corporation.
[    1.229548] Fusion MPT base driver 3.04.20
[    1.230462] Copyright (c) 1999-2008 LSI Corporation
[    1.235843] Fusion MPT SPI Host driver 3.04.20
[    1.243555] AVX2 version of gcm_enc/dec engaged.
[    1.244616] AES CTR mode by8 optimization enabled
[    1.437632] input: ImExPS/2 Generic Explorer Mouse as /devices/platform/i8042/serio1/input/input4
[    1.637378] e1000 0000:00:03.0 eth0: (PCI:33MHz:32-bit) 02:33:ba:03:32:e5
[    1.638701] e1000 0000:00:03.0 eth0: Intel(R) PRO/1000 Network Connection
[    1.641365] mptbase: ioc0: Initiating bringup
[    1.643321] e1000 0000:00:03.0 enp0s3: renamed from eth0
[    1.748332] ioc0: LSI53C1030 A0: Capabilities={Initiator}
[    1.993033] scsi host2: ioc0: LSI53C1030 A0, FwRev=00000000h, Ports=1, MaxQ=256, IRQ=20
[    2.161414] scsi 2:0:0:0: Direct-Access     VBOX     HARDDISK         1.0  PQ: 0 ANSI: 5
[    2.190200] scsi target2:0:0: Beginning Domain Validation
[    2.195490] scsi target2:0:0: Domain Validation skipping write tests
[    2.198163] scsi target2:0:0: Ending Domain Validation
[    2.200214] scsi target2:0:0: asynchronous
[    2.202053] scsi 2:0:1:0: Direct-Access     VBOX     HARDDISK         1.0  PQ: 0 ANSI: 5
[    2.232183] scsi target2:0:1: Beginning Domain Validation
[    2.235346] random: fast init done
[    2.236608] scsi target2:0:1: Domain Validation skipping write tests
[    2.237936] scsi target2:0:1: Ending Domain Validation
[    2.239027] scsi target2:0:1: asynchronous
[    2.243186] random: systemd-udevd: uninitialized urandom read (16 bytes read)
[    2.245179] random: systemd-udevd: uninitialized urandom read (16 bytes read)
[    2.245188] sd 2:0:0:0: Attached scsi generic sg0 type 0
[    2.246535] random: systemd-udevd: uninitialized urandom read (16 bytes read)
[    2.249080] sd 2:0:0:0: [sda] 83886080 512-byte logical blocks: (42.9 GB/40.0 GiB)
[    2.250650] sd 2:0:0:0: [sda] Write Protect is off
[    2.250665] sd 2:0:1:0: Attached scsi generic sg1 type 0
[    2.252956] sd 2:0:1:0: [sdb] 20480 512-byte logical blocks: (10.5 MB/10.0 MiB)
[    2.254420] sd 2:0:0:0: [sda] Incomplete mode parameter data
[    2.255433] sd 2:0:0:0: [sda] Assuming drive cache: write through
[    2.256377] sd 2:0:1:0: [sdb] Write Protect is off
[    2.257417]  sda: sda1
[    2.259394] sd 2:0:1:0: [sdb] Incomplete mode parameter data
[    2.259554] sd 2:0:0:0: [sda] Attached SCSI disk
[    2.260638] sd 2:0:1:0: [sdb] Assuming drive cache: write through
[    2.265608] sd 2:0:1:0: [sdb] Attached SCSI disk
Begin: Loading essential drivers ... [    3.672117] raid6: sse2x1   gen() 11827 MB/s
[    3.720126] raid6: sse2x1   xor()  8388 MB/s
[    3.768554] raid6: sse2x2   gen() 15881 MB/s
[    3.816567] raid6: sse2x2   xor() 10410 MB/s
[    3.864071] raid6: sse2x4   gen() 15577 MB/s
[    3.912046] raid6: sse2x4   xor() 11251 MB/s
[    3.960281] raid6: avx2x1   gen() 26146 MB/s
[    4.008568] raid6: avx2x1   xor() 18659 MB/s
[    4.056566] raid6: avx2x2   gen() 31276 MB/s
[    4.104227] raid6: avx2x2   xor() 16705 MB/s
[    4.152110] raid6: avx2x4   gen() 29539 MB/s
[    4.200249] raid6: avx2x4   xor() 16924 MB/s
[    4.201528] raid6: using algorithm avx2x2 gen() 31276 MB/s
[    4.202597] raid6: .... xor() 16705 MB/s, rmw enabled
[    4.203879] raid6: using avx2x2 recovery algorithm
[    4.206696] xor: automatically using best checksumming function   avx       
[    4.211594] async_tx: api initialized (async)
done.
Begin: Running /scripts/init-premount ... done.
Begin: Mounting root file system ... Begin: Running /scripts/local-top ... done.
Begin: Running /scripts/local-premount ... [    4.268210] Btrfs loaded, crc32c=crc32c-intel
Scanning for Btrfs filesystems
done.
Warning: fsck not present, so skipping root file system
[    4.299998] EXT4-fs (sda1): mounted filesystem with ordered data mode. Opts: (null)
done.
Begin: Running /scripts/local-bottom ... done.
Begin: Running /scripts/init-bottom ... done.
[    4.415436] ip_tables: (C) 2000-2006 Netfilter Core Team
[    4.420445] systemd[1]: systemd 237 running in system mode. (+PAM +AUDIT +SELINUX +IMA +APPARMOR +SMACK +SYSVINIT +UTMP +LIBCRYPTSETUP +GCRYPT +GNUTLS +ACL +XZ +LZ4 +SECCOMP +BLKID +ELFUTILS +KMOD -IDN2 +IDN -PCRE2 default-hierarchy=hybrid)
[    4.424386] systemd[1]: Detected virtualization oracle.
[    4.425326] systemd[1]: Detected architecture x86-64.

Welcome to [1mUbuntu 18.04.6 LTS[0m!

[    4.430264] systemd[1]: Set hostname to <ubuntu>.
[    4.432601] systemd[1]: Initializing machine ID from random generator.
[    4.433720] systemd[1]: Installed transient /etc/machine-id file.
[    4.612185] systemd[1]: Created slice User and Session Slice.
[[0;32m  OK  [0m] Created slice User and Session Slice.
[    4.613984] systemd[1]: Reached target User and Group Name Lookups.
[[0;32m  OK  [0m] Reached target User and Group Name Lookups.
[    4.616215] systemd[1]: Set up automount Arbitrary Executable File Formats File System Automount Point.
[[0;32m  OK  [0m] Set up automount Arbitrary Executabâ€¦rmats File System Automount Point.
[    4.618704] systemd[1]: Reached target Swap.
[[0;32m  OK  [0m] Reached target Swap.
[[0;32m  OK  [0m] Reached target System Time Synchronized.
[[0;32m  OK  [0m] Started Forward Password Requests to Wall Directory Watch.
[[0;32m  OK  [0m] Created slice System Slice.
[[0;32m  OK  [0m] Listening on Syslog Socket.
[[0;32m  OK  [0m] Listening on LVM2 poll daemon socket.
[[0;32m  OK  [0m] Listening on Network Service Netlink Socket.
[[0;32m  OK  [0m] Reached target Slices.
[[0;32m  OK  [0m] Created slice system-serial\x2dgetty.slice.
[[0;32m  OK  [0m] Listening on fsck to fsckd communication Socket.
[[0;32m  OK  [0m] Listening on udev Kernel Socket.
[[0;32m  OK  [0m] Listening on Journal Socket.
         Mounting POSIX Message Queue File System...
         Starting Uncomplicated firewall...
         Starting Set the console keyboard layout...
         Mounting Huge Pages File System...
         Starting Create list of required stâ€¦ce nodes for the current kernel...
         Starting File System Check on Root Device...
[[0;32m  OK  [0m] Listening on Device-mapper event daemon FIFOs.
[[0;32m  OK  [0m] Listening on Journal Audit Socket.
[[0;32m  OK  [0m] Listening on /dev/initctl Compatibility Named Pipe.
         Mounting Kernel Debug File System...
         Starting Load Kernel Modules...
[[0;32m  OK  [0m] Listening on udev Control Socket.
[    4.775346] Loading iSCSI transport class v2.0-870.
[    4.780161] iscsi: registered transport (tcp)
         Starting udev Coldplug all Devices...
[    4.792204] iscsi: registered transport (iser)
[[0;32m  OK  [0m] Listening on Journal Socket (/dev/log).
         Starting Journal Service...
[[0;32m  OK  [0m] Listening on LVM2 metadata daemon socket.
         Starting Monitoring of LVM2 mirrorsâ€¦ng dmeventd or progress polling...
[[0;32m  OK  [0m] Mounted POSIX Message Queue File System.
[[0;32m  OK  [0m] Started Uncomplicated firewall.
[[0;32m  OK  [0m] Mounted Huge Pages File System.
[[0;32m  OK  [0m] Started Create list of required staâ€¦vice nodes for the current kernel.
[[0;32m  OK  [0m] Started File System Check on Root Device.
[[0;32m  OK  [0m] Mounted Kernel Debug File System.
[[0;32m  OK  [0m] Started Load Kernel Modules.
[[0;32m  OK  [0m] Started File System Check Daemon to report status.
         Starting Apply Kernel Variables...
         Mounting Kernel Configuration File System...
         Mounting FUSE Control File System...
         Starting Remount Root and Kernel File Systems...
         Starting Create Static Device Nodes in /dev...
[[0;32m  OK  [0m] Mounted Kernel Configuration File System.
[[0;32m  OK  [0m] Started udev Coldplug all Devices.
[[0;32m  OK  [0m] Started Journal Service.
[[0;32m  OK  [0m] Mounted FUSE Control File System.
[[0;32m  OK  [0m] Started LVM2 metadata daemon.
[[0;32m  OK  [0m] Started Create Static Device Nodes in /dev.
[[0;32m  OK  [0m] Started Apply Kernel Variables.
[[0;32m  OK  [0m] Started Remount Root and Kernel File Systems.
[[0;32m  OK  [0m] Started Monitoring of LVM2 mirrors,â€¦sing dmeventd or progress polling.
         Starting udev Kernel Device Manager...
         Starting Flush Journal to Persistent Storage...
         Starting Load/Save Random Seed...
[[0;32m  OK  [0m] Started udev Kernel Device Manager.
[[0;32m  OK  [0m] Started Load/Save Random Seed.
[[0;32m  OK  [0m] Started Flush Journal to Persistent Storage.
[[0;32m  OK  [0m] Found device /dev/ttyS0.
[[0;32m  OK  [0m] Listening on Load/Save RF Kill Switch Status /dev/rfkill Watch.
[[0;32m  OK  [0m] Started Set the console keyboard layout.
[[0;32m  OK  [0m] Started Dispatch Password Requests to Console Directory Watch.
[[0;32m  OK  [0m] Reached target Local Encrypted Volumes.
[[0;32m  OK  [0m] Reached target Local File Systems (Pre).
[[0;32m  OK  [0m] Reached target Local File Systems.
         Starting Tell Plymouth To Write Out Runtime Data...
         Starting ebtables ruleset management...
         Starting AppArmor initialization...
         Starting Commit a transient machine-id on disk...
         Starting Create Volatile Files and Directories...
         Starting Set console font and keymap...
[[0;32m  OK  [0m] Started Tell Plymouth To Write Out Runtime Data.
[[0;32m  OK  [0m] Started Create Volatile Files and Directories.
         Starting Update UTMP about System Boot/Shutdown...
[[0;32m  OK  [0m] Started Update UTMP about System Boot/Shutdown.
[[0;32m  OK  [0m] Started Commit a transient machine-id on disk.
[[0;32m  OK  [0m] Started ebtables ruleset management.
[[0;32m  OK  [0m] Started AppArmor initialization.
         Starting Initial cloud-init job (pre-networking)...
         Starting Load AppArmor profiles managed internally by snapd...
[[0;32m  OK  [0m] Started Load AppArmor profiles managed internally by snapd.
[[0;32m  OK  [0m] Started Set console font and keymap.
[    7.295192] cloud-init[821]: Cloud-init v. 22.1-14-g2e17a0d6-0ubuntu1~18.04.3 running 'init-local' at Sun, 17 Apr 2022 21:47:06 +0000. Up 7.01 seconds.
[[0;32m  OK  [0m] Started Initial cloud-init job (pre-networking).
[[0;32m  OK  [0m] Reached target Network (Pre).
         Starting Network Service...
[[0;32m  OK  [0m] Started Network Service.
         Starting Wait for Network to be Configured...
         Starting Network Name Resolution...
[[0;32m  OK  [0m] Started Network Name Resolution.
[[0;32m  OK  [0m] Reached target Host and Network Name Lookups.
[[0;32m  OK  [0m] Reached target Network.
[[0;32m  OK  [0m] Started Wait for Network to be Configured.
         Starting Initial cloud-init job (metadata service crawler)...
[    9.669442] cloud-init[987]: Cloud-init v. 22.1-14-g2e17a0d6-0ubuntu1~18.04.3 running 'init' at Sun, 17 Apr 2022 21:47:09 +0000. Up 9.51 seconds.
[    9.670898] cloud-init[987]: ci-info: ++++++++++++++++++++++++++++++++++++++Net device info++++++++++++++++++++++++++++++++++++++
[    9.671927] cloud-init[987]: ci-info: +--------+------+----------------------------+---------------+--------+-------------------+
[    9.688229] cloud-init[987]: ci-info: | Device |  Up  |          Address           |      Mask     | Scope  |     Hw-Address    |
[    9.689031] cloud-init[987]: ci-info: +--------+------+----------------------------+---------------+--------+-------------------+
[    9.690078] cloud-init[987]: ci-info: | enp0s3 | True |         10.0.2.15          | 255.255.255.0 | global | 02:33:ba:03:32:e5 |
[    9.691805] cloud-init[987]: ci-info: | enp0s3 | True | fe80::33:baff:fe03:32e5/64 |       .       |  link  | 02:33:ba:03:32:e5 |
[    9.693054] cloud-init[987]: ci-info: |   lo   | True |         127.0.0.1          |   255.0.0.0   |  host  |         .         |
[    9.694396] cloud-init[987]: ci-info: |   lo   | True |          ::1/128           |       .       |  host  |         .         |
[    9.695974] cloud-init[987]: ci-info: +--------+------+----------------------------+---------------+--------+-------------------+
[    9.697551] cloud-init[987]: ci-info: ++++++++++++++++++++++++++++Route IPv4 info+++++++++++++++++++++++++++++
[    9.698866] cloud-init[987]: ci-info: +-------+-------------+----------+-----------------+-----------+-------+
[    9.700196] cloud-init[987]: ci-info: | Route | Destination | Gateway  |     Genmask     | Interface | Flags |
[    9.701161] cloud-init[987]: ci-info: +-------+-------------+----------+-----------------+-----------+-------+
[    9.702376] cloud-init[987]: ci-info: |   0   |   0.0.0.0   | 10.0.2.2 |     0.0.0.0     |   enp0s3  |   UG  |
[    9.703924] cloud-init[987]: ci-info: |   1   |   10.0.2.0  | 0.0.0.0  |  255.255.255.0  |   enp0s3  |   U   |
[    9.705292] cloud-init[987]: ci-info: |   2   |   10.0.2.2  | 0.0.0.0  | 255.255.255.255 |   enp0s3  |   UH  |
[    9.706582] cloud-init[987]: ci-info: +-------+-------------+----------+-----------------+-----------+-------+
[    9.707782] cloud-init[987]: ci-info: +++++++++++++++++++Route IPv6 info+++++++++++++++++++
[    9.720183] cloud-init[987]: ci-info: +-------+-------------+---------+-----------+-------+
[    9.721216] cloud-init[987]: ci-info: | Route | Destination | Gateway | Interface | Flags |
[    9.722309] cloud-init[987]: ci-info: +-------+-------------+---------+-----------+-------+
[    9.723401] cloud-init[987]: ci-info: |   1   |  fe80::/64  |    ::   |   enp0s3  |   U   |
[    9.724558] cloud-init[987]: ci-info: |   3   |    local    |    ::   |   enp0s3  |   U   |
[    9.725651] cloud-init[987]: ci-info: |   4   |   ff00::/8  |    ::   |   enp0s3  |   U   |
[    9.726740] cloud-init[987]: ci-info: +-------+-------------+---------+-----------+-------+
[   10.403887] cloud-init[987]: Generating public/private rsa key pair.
[   10.404574] cloud-init[987]: Your identification has been saved in /etc/ssh/ssh_host_rsa_key.
[   10.405265] cloud-init[987]: Your public key has been saved in /etc/ssh/ssh_host_rsa_key.pub.
[   10.416312] cloud-init[987]: The key fingerprint is:
[   10.416931] cloud-init[987]: SHA256:P7I3Q+6GpAo5LvbXz+7GZYu4NMZ1sbxo9iCWbQ3HnZg root@ubuntu-bionic
[   10.417830] cloud-init[987]: The key's randomart image is:
[   10.418426] cloud-init[987]: +---[RSA 2048]----+
[   10.428317] cloud-init[987]: |                 |
[   10.440328] cloud-init[987]: |                 |
[   10.452274] cloud-init[987]: |           .     |
[   10.453155] cloud-init[987]: |          o * .  |
[   10.453747] cloud-init[987]: |        So E o   |
[   10.454388] cloud-init[987]: |   .  . =.Bo.    |
[   10.455179] cloud-init[987]: |  +   .@+@*o.    |
[   10.464308] cloud-init[987]: |.o o .=oO*Oo     |
[   10.465227] cloud-init[987]: |..o.o. .BO.+     |
[   10.466047] cloud-init[987]: +----[SHA256]-----+
[[0;32m  OK  [0m] Started Initial cloud-init job (metadata service crawler).
[[0;32m  OK  [0m] Reached target Network is Online.
[   10.482659] cloud-init[987]: Generating public/private dsa key pair.
[   10.485406] cloud-init[987]: Your identification has been saved in /etc/ssh/ssh_host_dsa_key.
         Starting Availability of block devices...
[[0;32m  OK  [0m] Reached target Remote File Systems (Pre).
[[0;32m  OK  [0m] Reached target Remote File Systems.
[[0;32m  OK  [0m] Reached target System Initialization.
[[0;32m  OK  [0m] Started Daily apt download activities.
[   10.502787] cloud-init[987]: Your public key has been saved in /etc/ssh/ssh_host_dsa_key.pub.
[   10.506707] cloud-init[987]: The key fingerprint is:
[   10.507495] cloud-init[987]: SHA256:2cHEEKzmjqLHG8WTrVGR2ELtXesj7TMGvU9E/xmhNik root@ubuntu-bionic
[   10.508664] cloud-init[987]: The key's randomart image is:
[   10.520880] cloud-init[987]: +---[DSA 1024]----+
[   10.521552] cloud-init[987]: |   ..+.oo+.      |
[   10.522070] cloud-init[987]: |    o +..oo      |
[   10.532901] cloud-init[987]: |     o.o .o..  . |
[[0;32m  OK  [0m] Started Trigger to poll for Ubuntu â€¦(Only enabled on GCP LTS non-pro).
[[0;32m  OK  [0m] Started Message of the Day.
[[0;32m  OK  [0m] Listening on ACPID Listen Socket.
[   10.546725] cloud-init[987]: |   . ++ .o.o .o .|
[   11.072741] cloud-init[987]: |    *o. S+.E.=.. |
[   11.073321] cloud-init[987]: |   . +. o =.o ..o|
[   11.073815] cloud-init[987]: | .. .o   + o.  ..|
[   11.074821] cloud-init[987]: |  +.. .   *.     |
[   11.075830] cloud-init[987]: |.o.o     . +.    |
[   11.077418] cloud-init[987]: +----[SHA256]-----+
[   11.079988] cloud-init[987]: Generating public/private ecdsa key pair.
[   11.081498] cloud-init[987]: Your identification has been saved in /etc/ssh/ssh_host_ecdsa_key.
[[0;32m  OK  [0m] Started ACPI Events Check.
[   11.085003] cloud-init[987]: Your public key has been saved in /etc/ssh/ssh_host_ecdsa_key.pub.
[   11.115316] cloud-init[987]: The key fingerprint is:
[[0;32m  OK  [0m] Reached target Paths.
[   11.136602] cloud-init[987]: SHA256:9+Kt8MoH+i8OZvjk8yYdurxJtV9yu9pu2pGxy40hQrA root@ubuntu-bionic
[[0;32m  OK  [0m] Listening on cloud-init hotplug hook socket.
[   11.140758] [cloud-init[0;32m  OK  [0m[987]: ] Started Daily Cleanup of Temporary Directories.
The key's randomart image is:
[[0;32m  OK  [0m] Started Daily apt upgrade and clean activities.
[   11.143668] cloud-init[987]: +---[ECDSA 256]---+
         Starting Socket activation for snappy daemon.
[   11.145921] cloud-init[987]: |                 |
[   11.150620] cloud-init[987]: |                 |
[   11.152348] cloud-init[987]: |      .          |
         [   11.152581] Starting LXD - unix socket.cloud-init
[987]: |       o         |
[[0;32m  OK  [0m] Listening on Open-iSCSI iscsid Socket.
[   11.156465] cloud-init[987]: |      E S . .    |
[   11.168614] cloud-init[987]: |     . ooo . +   |
[[0;32m  OK  [0m] Started Ubuntu Advantage Timer for running repeated jobs.
[   11.169315] cloud-init[987]: |    . *++o+ O    |
[   11.173013] cloud-init[987]: |     O=++*.@.B   |
[   11.173202] cloud-init[987]: |      BX*=O*@..  |
[[0;32m  OK  [0m] Started Discard unused blocks once a week.
[   11.173679] cloud-init[987]: +----[SHA256]-----+
[   11.176173] cloud-init[987]: Generating public/private ed25519 key pair.
[   11.176688] cloud-init[987]: Your identification has been saved in /etc/ssh/ssh_host_ed25519_key.
[   11.177698] cloud-init[987]: Your public key has been saved in /etc/ssh/ssh_host_ed25519_key.pub.
[   11.178705] cloud-init[987]: The key fingerprint is:
[   11.179710] cloud-init[987]: SHA256:ied9J2jiuZxZMNcNnJOBv2wo9xvhBis4WbytpNcTWmQ root@ubuntu-bionic
[   11.180444] cloud-init[987]: The key's randomart image is:
[   11.181528] cloud-init[987]: +--[ED25519 256]--+
[   11.182191] cloud-init[987]: |           ..    |
[   11.182682] cloud-init[987]: |          .. +   |
[   11.183399] cloud-init[987]: |           .*    |
[   11.184366] cloud-init[987]: |       o .E..+   |
[   11.184771] cloud-init[987]: |      . Soooo..  |
[   11.185200] cloud-init[987]: |       *.B==+.   |
[   11.185947] cloud-init[987]: |      + **B+* .  |
[   11.186222] cloud-init[987]: |       *oXoo.+   |
[[0;32m  OK  [0m] Reached target Timers.
[   11.186743] cloud-init[987]: |      ..O. ...   |
[   11.192276] cloud-init[987]: +----[SHA256]-----+
[[0;32m  OK  [0m] Listening on D-Bus System Message Bus Socket.
[[0;32m  OK  [0m] Listening on UUID daemon activation socket.
[[0;32m  OK  [0m] Reached target Cloud-config availability.
[[0;32m  OK  [0m] Started Availability of block devices.
[[0;32m  OK  [0m] Listening on Socket activation for snappy daemon.
[[0;32m  OK  [0m] Listening on LXD - unix socket.
[[0;32m  OK  [0m] Reached target Sockets.
[[0;32m  OK  [0m] Reached target Basic System.
[[0;32m  OK  [0m] Started irqbalance daemon.
[[0;32m  OK  [0m] Started FUSE filesystem for LXC.
         Starting LSB: automatic crash report generation...
         Starting Permit User Sessions...
         Starting Pollinate to seed the pseudo random number generator...
[[0;32m  OK  [0m] Started D-Bus System Message Bus.
         Starting Snap Daemon...
         Starting Virtualbox guest utils...
[[0;32m  OK  [0m] Started Deferred execution scheduler.
         Starting Dispatcher daemon for systemd-networkd...
         Starting LXD - container startup/shutdown...
         Starting System Logging Service...
         Starting LSB: Record successful boot for GRUB...
         Starting Accounts Service...
[[0;32m  OK  [0m] Started Regular background program processing daemon.
         Starting Login Service...
[[0;32m  OK  [0m] Started System Logging Service.
[[0;32m  OK  [0m] Started Permit User Sessions.
         Starting Terminate Plymouth Boot Screen...
         Starting Hold until boot process finishes up...
[[0;32m  OK  [0m] Started Hold until boot process finishes up.
         Starting Set console scheme...
[[0;32m  OK  [0m] Started Serial Getty on ttyS0.
[[0;32m  OK  [0m] Started Terminate Plymouth Boot Screen.
[[0;32m  OK  [0m] Started Login Service.
[[0;32m  OK  [0m] Started Unattended Upgrades Shutdown.
[[0;32m  OK  [0m] Started Set console scheme.
[[0;32m  OK  [0m] Created slice system-getty.slice.
[[0;32m  OK  [0m] Started Getty on tty1.
[[0;32m  OK  [0m] Reached target Login Prompts.
[[0;32m  OK  [0m] Started LXD - container startup/shutdown.
         Starting Authorization Manager...
[[0;32m  OK  [0m] Started LSB: Record successful boot for GRUB.
[[0;32m  OK  [0m] Started LSB: automatic crash report generation.
[[0;32m  OK  [0m] Started Virtualbox guest utils.
[[0;32m  OK  [0m] Started Authorization Manager.
[[0;32m  OK  [0m] Started Accounts Service.
[[0;32m  OK  [0m] Started Dispatcher daemon for systemd-networkd.
[[0;32m  OK  [0m] Started Snap Daemon.
         Starting Wait until snapd is fully seeded...
[[0;32m  OK  [0m] Started Pollinate to seed the pseudo random number generator.
         Starting OpenBSD Secure Shell server...
[[0;32m  OK  [0m] Started OpenBSD Secure Shell server.
         Starting Time & Date Service...
[[0;32m  OK  [0m] Started Time & Date Service.
[[0;32m  OK  [0m] Created slice User Slice of vagrant.
         Starting User Manager for UID 1000...
[[0;32m  OK  [0m] Started Session 1 of user vagrant.
[[0;32m  OK  [0m] Started User Manager for UID 1000.
[[0;32m  OK  [0m] Started Wait until snapd is fully seeded.
         Starting Apply the settings specified in cloud-config...
[[0;32m  OK  [0m] Reached target Multi-User System.
[[0;32m  OK  [0m] Reached target Graphical Interface.
         Starting Update UTMP about System Runlevel Changes...
[[0;32m  OK  [0m] Started Update UTMP about System Runlevel Changes.
[   14.041854] cloud-init[1458]: Cloud-init v. 22.1-14-g2e17a0d6-0ubuntu1~18.04.3 running 'modules:config' at Sun, 17 Apr 2022 21:47:13 +0000. Up 13.38 seconds.
[[0;32m  OK  [0m] Started Apply the settings specified in cloud-config.
         Starting Execute cloud user/final scripts...
ci-info: no authorized SSH keys fingerprints found for user ubuntu.
<14>Apr 17 21:47:14 cloud-init: #############################################################
<14>Apr 17 21:47:14 cloud-init: -----BEGIN SSH HOST KEY FINGERPRINTS-----
<14>Apr 17 21:47:14 cloud-init: 1024 SHA256:2cHEEKzmjqLHG8WTrVGR2ELtXesj7TMGvU9E/xmhNik root@ubuntu-bionic (DSA)
<14>Apr 17 21:47:14 cloud-init: 256 SHA256:9+Kt8MoH+i8OZvjk8yYdurxJtV9yu9pu2pGxy40hQrA root@ubuntu-bionic (ECDSA)
<14>Apr 17 21:47:14 cloud-init: 256 SHA256:ied9J2jiuZxZMNcNnJOBv2wo9xvhBis4WbytpNcTWmQ root@ubuntu-bionic (ED25519)
<14>Apr 17 21:47:14 cloud-init: 2048 SHA256:P7I3Q+6GpAo5LvbXz+7GZYu4NMZ1sbxo9iCWbQ3HnZg root@ubuntu-bionic (RSA)
<14>Apr 17 21:47:14 cloud-init: -----END SSH HOST KEY FINGERPRINTS-----
<14>Apr 17 21:47:14 cloud-init: #############################################################
-----BEGIN SSH HOST KEY KEYS-----
ecdsa-sha2-nistp256 AAAAE2VjZHNhLXNoYTItbmlzdHAyNTYAAAAIbmlzdHAyNTYAAABBBFD7x/NuE06tzFnLfi1ys1SgmNyUhRYOyqoSfNt0HNoyDizu/W/PKo5k4tHwd7sXgcHxjqO3F9KEffwzTnVv1v4= root@ubuntu-bionic
ssh-ed25519 AAAAC3NzaC1lZDI1NTE5AAAAIPjGPTSG684zfIXkThijJpNX8MBOKX6w2kkkiGRwJwGv root@ubuntu-bionic
ssh-rsa AAAAB3NzaC1yc2EAAAADAQABAAABAQDMeBub3DC2g1cRQTQCbM2Bgn5HeDOzOEhlLcjdv4MAfCzoRAnkFAS1ueGJV1pUH6qYUpkBJqOZMKHTZeibWY79kH1YNsv+D0BJJN8eMpxrWtRDLkxj2ze6ksYIrnlrDTdJsytl8EirZ7lr1t2o8Ex1po9HNpQM4ScRmoIxxRuLPVQQ1ypKWxJ5HTOrslnk/VupfF7tLqMYQArbukEYO0A3kWdd1GbXvsb4nLDGFfkPP/xLy9hlhQs1lQfU2hocxWlCUquLnelcn6SO2drFIl/pVSljI5rcgPGnTMMplS6M1QmNDuag1v9MSmNTcT8L/oPqrfOhPKmyzTNZXBOdaCAV root@ubuntu-bionic
-----END SSH HOST KEY KEYS-----
[   14.872818] cloud-init[1544]: Cloud-init v. 22.1-14-g2e17a0d6-0ubuntu1~18.04.3 running 'modules:final' at Sun, 17 Apr 2022 21:47:14 +0000. Up 14.64 seconds.
[   14.875578] cloud-init[1544]: Cloud-init v. 22.1-14-g2e17a0d6-0ubuntu1~18.04.3 finished at Sun, 17 Apr 2022 21:47:14 +0000. Datasource DataSourceNoCloud [seed=/dev/sdb][dsmode=net].  Up 14.85 seconds
[[0;32m  OK  [0m] Started Execute cloud user/final scripts.
[[0;32m  OK  [0m] Reached target Cloud-init target.

Ubuntu 18.04.6 LTS ubuntu-bionic ttyS0

ubuntu-bionic login: 